# This file was generated by GoReleaser. DO NOT EDIT.
cask "hooks_templated" do
  name "hooks_templated"
  desc "Run pipe test formula and FOO=foo_is_bar"
  homepage "https://github.com/goreleaser"
  version "1.0.1"

  livecheck do
    skip "Auto-generated on release."
  end

  binary "hooks_templated"
  depends_on cask: [
      "fish",
      "powershell",
    ],
    formula: [
      "ash",
      "bash",
      "zsh",
    ]

  on_macos do
    on_intel do
      url "https://dummyhost/download/v#{version}/bin.tgz"
      sha256 "e3b0c44298fc1c149afbf4c8996fb92427ae41e4649b934ca495991b7852b855"
    end
    on_arm do
      url "https://dummyhost/download/v#{version}/bin.txz"
      sha256 "e3b0c44298fc1c149afbf4c8996fb92427ae41e4649b934ca495991b7852b855"
    end
  end

  on_linux do
    on_intel do
      url "https://dummyhost/download/v#{version}/bin.tar.zst"
      sha256 "e3b0c44298fc1c149afbf4c8996fb92427ae41e4649b934ca495991b7852b855"
    end
  end

  conflicts_with cask: [
      "fish",
    ]

  preflight do
    system_command "echo", args: ["Installing hooks_templated version 1.0.1"]
  end

  postflight do
    system_command "echo", args: ["Post-install hooks_templated v1.0.1"]
  end

  uninstall_preflight do
    system_command "echo", args: ["Uninstalling hooks_templated"]
  end

  uninstall_postflight do
    system_command "echo", args: ["Post-uninstall for hooks_templated"]
  end

  caveats do
    "don't do this hooks_templated"
  end

  service "foo.plist"

  # No zap stanza required
end
